Project Information            i:\project yud daled\programs\dc_pwm\dc_pwm.rpt

MAX+plus II Compiler Report File
Version 10.1 06/12/2001
Compiled: 10/15/2017 12:20:47

Copyright (C) 1988-2001 Altera Corporation
Any megafunction design, and related net list (encrypted or decrypted),
support information, device programming or simulation file, and any other
associated documentation or information provided by Altera or a partner
under Altera's Megafunction Partnership Program may be used only to
program PLD devices (but not masked PLD devices) from Altera.  Any other
use of such megafunction design, net list, support information, device
programming or simulation file, or any other related documentation or
information is prohibited for any other purpose, including, but not
limited to modification, reverse engineering, de-compiling, or use with
any other silicon devices, unless such use is explicitly licensed under
a separate agreement with Altera or a megafunction partner.  Title to
the intellectual property, including patents, copyrights, trademarks,
trade secrets, or maskworks, embodied in any such megafunction design,
net list, support information, device programming or simulation file, or
any other related documentation or information provided by Altera or a
megafunction partner, remains with Altera, the megafunction partner, or
their respective licensors.  No other licenses, including any licenses
needed under any third party's intellectual property, are provided herein.



***** Project compilation was successful


DC_PWM


** DEVICE SUMMARY **

Chip/                     Input Output Bidir  Memory  Memory  			 LCs
POF       Device          Pins  Pins   Pins   Bits % Utilized  LCs  % Utilized

dc_pwm    EPF10K10LC84-3   2      1      0    0         0  %    36       6  %

User Pins:                 2      1      0  



Project Information            i:\project yud daled\programs\dc_pwm\dc_pwm.rpt

** FILE HIERARCHY **



|lpm_add_sub:262|
|lpm_add_sub:262|addcore:adder|
|lpm_add_sub:262|altshift:result_ext_latency_ffs|
|lpm_add_sub:262|altshift:carry_ext_latency_ffs|
|lpm_add_sub:262|altshift:oflow_ext_latency_ffs|


Device-Specific Information:   i:\project yud daled\programs\dc_pwm\dc_pwm.rpt
dc_pwm

***** Logic for device 'dc_pwm' compiled without errors.




Device: EPF10K10LC84-3

FLEX 10K Configuration Scheme: Passive Serial

Device Options:
    User-Supplied Start-Up Clock               = OFF
    Auto-Restart Configuration on Frame Error  = OFF
    Release Clears Before Tri-States           = OFF
    Enable Chip_Wide Reset                     = OFF
    Enable Chip-Wide Output Enable             = OFF
    Enable INIT_DONE Output                    = OFF
    JTAG User Code                             = 7f

                                                                         ^     
                                                                         C     
                R  R  R  R  R  R  R     R           R     R  R  R  R     O     
                E  E  E  E  E  E  E     E           E     E  E  E  E     N     
                S  S  S  S  S  S  S  V  S        G  S  G  S  S  S  S     F     
                E  E  E  E  E  E  E  C  E  s     N  E  N  E  E  E  E     _  ^  
                R  R  R  R  R  R  R  C  R  p     D  R  D  R  R  R  R  #  D  n  
                V  V  V  V  V  V  V  I  V  e  c  I  V  I  V  V  V  V  T  O  C  
                E  E  E  E  E  E  E  N  E  e  l  N  E  N  E  E  E  E  C  N  E  
                D  D  D  D  D  D  D  T  D  d  k  T  D  T  D  D  D  D  K  E  O  
              -----------------------------------------------------------------_ 
            /  11 10  9  8  7  6  5  4  3  2  1 84 83 82 81 80 79 78 77 76 75   | 
    ^DATA0 | 12                                                              74 | #TDO 
     ^DCLK | 13                                                              73 | RESERVED 
      ^nCE | 14                                                              72 | RESERVED 
      #TDI | 15                                                              71 | RESERVED 
  RESERVED | 16                                                              70 | RESERVED 
  RESERVED | 17                                                              69 | RESERVED 
  RESERVED | 18                                                              68 | GNDINT 
  RESERVED | 19                                                              67 | out_pwm 
    VCCINT | 20                                                              66 | RESERVED 
  RESERVED | 21                                                              65 | RESERVED 
  RESERVED | 22                        EPF10K10LC84-3                        64 | RESERVED 
  RESERVED | 23                                                              63 | VCCINT 
  RESERVED | 24                                                              62 | RESERVED 
  RESERVED | 25                                                              61 | RESERVED 
    GNDINT | 26                                                              60 | RESERVED 
  RESERVED | 27                                                              59 | RESERVED 
  RESERVED | 28                                                              58 | RESERVED 
  RESERVED | 29                                                              57 | #TMS 
  RESERVED | 30                                                              56 | #TRST 
    ^MSEL0 | 31                                                              55 | ^nSTATUS 
    ^MSEL1 | 32                                                              54 | RESERVED 
           |_  33 34 35 36 37 38 39 40 41 42 43 44 45 46 47 48 49 50 51 52 53  _| 
             ------------------------------------------------------------------ 
                V  ^  R  R  R  R  R  V  G  G  G  G  V  G  R  R  R  R  R  R  R  
                C  n  E  E  E  E  E  C  N  N  N  N  C  N  E  E  E  E  E  E  E  
                C  C  S  S  S  S  S  C  D  D  D  D  C  D  S  S  S  S  S  S  S  
                I  O  E  E  E  E  E  I  I  I  I  I  I  I  E  E  E  E  E  E  E  
                N  N  R  R  R  R  R  N  N  N  N  N  N  N  R  R  R  R  R  R  R  
                T  F  V  V  V  V  V  T  T  T  T  T  T  T  V  V  V  V  V  V  V  
                   I  E  E  E  E  E                       E  E  E  E  E  E  E  
                   G  D  D  D  D  D                       D  D  D  D  D  D  D  
                                                                               
                                                                               


N.C. = No Connect. This pin has no internal connection to the device.
VCCINT = Dedicated power pin, which MUST be connected to VCC (5.0 volts).
VCCIO = Dedicated power pin, which MUST be connected to VCC (5.0 volts).
GNDINT = Dedicated ground pin or unused dedicated input, which MUST be connected to GND.
GNDIO = Dedicated ground pin, which MUST be connected to GND.
RESERVED = Unused I/O pin, which MUST be left unconnected.

^ = Dedicated configuration pin.
+ = Reserved configuration pin, which is tri-stated during user mode.
* = Reserved configuration pin, which drives out in user mode.
PDn = Power Down pin. 
@ = Special-purpose pin. 
# = JTAG Boundary-Scan Testing/In-System Programming or Configuration Pin. The JTAG inputs TMS and TDI should be tied to VCC and TCK should be tied to GND when not in use.
& = JTAG pin used for I/O. When used as user I/O, JTAG pins must be kept stable before and during configuration.  JTAG pin stability prevents accidental loading of JTAG instructions.


Device-Specific Information:   i:\project yud daled\programs\dc_pwm\dc_pwm.rpt
dc_pwm

** RESOURCE USAGE **

Logic                Column       Row                                   
Array                Interconnect Interconnect         Clears/     External  
Block   Logic Cells  Driven       Driven       Clocks  Presets   Interconnect
B13      7/ 8( 87%)   0/ 8(  0%)   5/ 8( 62%)    1/2    0/2       2/22(  9%)   
B16      8/ 8(100%)   0/ 8(  0%)   2/ 8( 25%)    1/2    0/2      14/22( 63%)   
B18      8/ 8(100%)   0/ 8(  0%)   4/ 8( 50%)    1/2    0/2       4/22( 18%)   
B21      8/ 8(100%)   0/ 8(  0%)   6/ 8( 75%)    1/2    0/2       3/22( 13%)   
B22      5/ 8( 62%)   0/ 8(  0%)   4/ 8( 50%)    1/2    0/2       2/22(  9%)   


Embedded             Column       Row                                   
Array     Embedded   Interconnect Interconnect         Read/      External  
Block     Cells      Driven       Driven       Clocks  Write    Interconnect


Total dedicated input pins used:                 2/6      ( 33%)
Total I/O pins used:                             1/53     (  1%)
Total logic cells used:                         36/576    (  6%)
Total embedded cells used:                       0/24     (  0%)
Total EABs used:                                 0/3      (  0%)
Average fan-in:                                 3.33/4    ( 83%)
Total fan-in:                                 120/2304    (  5%)

Total input pins required:                       2
Total input I/O cell registers required:         0
Total output pins required:                      1
Total output I/O cell registers required:        0
Total buried I/O cell registers required:        0
Total bidirectional pins required:               0
Total reserved pins required                     0
Total logic cells required:                     36
Total flipflops required:                       16
Total packed registers required:                 0
Total logic cells in carry chains:               0
Total number of carry chains:                    0
Total logic cells in cascade chains:             0
Total number of cascade chains:                  0
Total single-pin Clock Enables required:         0
Total single-pin Output Enables required:        0

Synthesized logic cells:                         4/ 576   (  0%)

Logic Cell and Embedded Cell Counts

Column:  01  02  03  04  05  06  07  08  09  10  11  12  EA  13  14  15  16  17  18  19  20  21  22  23  24  Total(LC/EC)
 A:      0   0   0   0   0   0   0   0   0   0   0   0   0   0   0   0   0   0   0   0   0   0   0   0   0      0/0  
 B:      0   0   0   0   0   0   0   0   0   0   0   0   0   7   0   0   8   0   8   0   0   8   5   0   0     36/0  
 C:      0   0   0   0   0   0   0   0   0   0   0   0   0   0   0   0   0   0   0   0   0   0   0   0   0      0/0  

Total:   0   0   0   0   0   0   0   0   0   0   0   0   0   7   0   0   8   0   8   0   0   8   5   0   0     36/0  



Device-Specific Information:   i:\project yud daled\programs\dc_pwm\dc_pwm.rpt
dc_pwm

** INPUTS **

                                                    Fan-In    Fan-Out
 Pin     LC     EC   Row  Col  Primitive    Code      INP  FBK  OUT  FBK  Name
   1      -     -    -    --      INPUT  G             0    0    0    0  clk
   2      -     -    -    --      INPUT                0    0    0    5  speed


Code:

s = Synthesized pin or logic cell
+ = Synchronous flipflop
/ = Slow slew-rate output
! = NOT gate push-back
r = Fitter-inserted logic cell
@ = Uses single-pin Clock Enable
& = Uses single-pin Output Enable
G = Global Source. Fan-out destinations counted here do not include destinations
that are driven using global routing resources. Refer to the Auto Global Signals,
Clock Signals, Clear Signals, Synchronous Load Signals, and Synchronous Clear Signals
Sections of this Report File for information on which signals' fan-outs are used as
Clock, Clear, Preset, Output Enable, and synchronous Load signals.


Device-Specific Information:   i:\project yud daled\programs\dc_pwm\dc_pwm.rpt
dc_pwm

** OUTPUTS **

       Fed By Fed By                                Fan-In    Fan-Out
 Pin     LC     EC   Row  Col  Primitive    Code      INP  FBK  OUT  FBK  Name
  67      -     -    B    --     OUTPUT                0    1    0    0  out_pwm


Code:

s = Synthesized pin or logic cell
+ = Synchronous flipflop
/ = Slow slew-rate output
! = NOT gate push-back
r = Fitter-inserted logic cell
@ = Uses single-pin Clock Enable
& = Uses single-pin Output Enable


Device-Specific Information:   i:\project yud daled\programs\dc_pwm\dc_pwm.rpt
dc_pwm

** BURIED LOGIC **

                                                    Fan-In    Fan-Out
 IOC     LC     EC   Row  Col  Primitive    Code      INP  FBK  OUT  FBK  Name
   -      8     -    B    18       AND2                0    3    0    4  |LPM_ADD_SUB:262|addcore:adder|:107
   -      1     -    B    22       AND2                0    2    0    1  |LPM_ADD_SUB:262|addcore:adder|:111
   -      8     -    B    22       AND2                0    4    0    4  |LPM_ADD_SUB:262|addcore:adder|:119
   -      5     -    B    13       AND2                0    2    0    1  |LPM_ADD_SUB:262|addcore:adder|:123
   -      6     -    B    13       AND2                0    4    0    2  |LPM_ADD_SUB:262|addcore:adder|:131
   -      1     -    B    13       AND2                0    2    0    4  |LPM_ADD_SUB:262|addcore:adder|:135
   -      4     -    B    21       AND2                0    2    0    1  |LPM_ADD_SUB:262|addcore:adder|:139
   -      8     -    B    21       AND2                0    4    0    2  |LPM_ADD_SUB:262|addcore:adder|:147
   -      1     -    B    16       DFFE   +            0    3    1    0  :3
   -      1     -    B    21       DFFE   +            0    3    0    2  cnt14 (:5)
   -      2     -    B    18       DFFE   +            0    2    0    3  cnt13 (:6)
   -      5     -    B    21       DFFE   +            0    3    0    3  cnt12 (:7)
   -      2     -    B    21       DFFE   +            0    3    0    4  cnt11 (:8)
   -      7     -    B    21       DFFE   +            0    2    0    5  cnt10 (:9)
   -      3     -    B    13       DFFE   +            0    2    0    3  cnt9 (:10)
   -      8     -    B    13       DFFE   +            0    3    0    3  cnt8 (:11)
   -      4     -    B    13       DFFE   +            0    3    0    4  cnt7 (:12)
   -      2     -    B    13       DFFE   +            0    2    0    5  cnt6 (:13)
   -      7     -    B    22       DFFE   +            0    3    0    3  cnt5 (:14)
   -      2     -    B    22       DFFE   +            0    3    0    4  cnt4 (:15)
   -      3     -    B    22       DFFE   +            0    2    0    5  cnt3 (:16)
   -      6     -    B    18       DFFE   +            0    3    0    3  cnt2 (:17)
   -      5     -    B    18       DFFE   +            0    2    0    4  cnt1 (:18)
   -      4     -    B    18       DFFE   +            0    1    0    4  cnt0 (:19)
   -      6     -    B    21        OR2                0    4    0   15  :129
   -      3     -    B    21       AND2    s           0    3    0    1  ~136~1
   -      4     -    B    16        OR2                0    4    0    1  :154
   -      2     -    B    16        OR2                0    4    0    1  :169
   -      3     -    B    18        OR2                0    3    0    1  :181
   -      8     -    B    16        OR2                1    3    0    1  :474
   -      7     -    B    16        OR2    s           1    3    0    1  ~479~1
   -      6     -    B    16        OR2                1    3    0    1  :494
   -      3     -    B    16        OR2    s           1    3    0    1  ~504~1
   -      5     -    B    16        OR2                0    2    0    1  :504
   -      1     -    B    18        OR2                1    3    0    1  :519
   -      7     -    B    18       AND2    s           0    2    0    1  ~524~1


Code:

s = Synthesized pin or logic cell
+ = Synchronous flipflop
/ = Slow slew-rate output
! = NOT gate push-back
r = Fitter-inserted logic cell
p = Packed register


Device-Specific Information:   i:\project yud daled\programs\dc_pwm\dc_pwm.rpt
dc_pwm

** FASTTRACK INTERCONNECT UTILIZATION **

Row FastTrack Interconnect:

          Global         Left Half-      Right Half-
         FastTrack       FastTrack       FastTrack 
Row     Interconnect    Interconnect    Interconnect    Input Pins     Output Pins     Bidir Pins
A:       0/ 96(  0%)     0/ 48(  0%)     0/ 48(  0%)    0/16(  0%)      0/16(  0%)     0/16(  0%)
B:       2/ 96(  2%)     0/ 48(  0%)    19/ 48( 39%)    0/16(  0%)      1/16(  6%)     0/16(  0%)
C:       0/ 96(  0%)     0/ 48(  0%)     0/ 48(  0%)    0/16(  0%)      0/16(  0%)     0/16(  0%)


Column FastTrack Interconnect:

         FastTrack                                 
Column  Interconnect    Input Pins     Output Pins     Bidir Pins
01:      0/24(  0%)     0/4(  0%)      0/4(  0%)       0/4(  0%)
02:      0/24(  0%)     0/4(  0%)      0/4(  0%)       0/4(  0%)
03:      0/24(  0%)     0/4(  0%)      0/4(  0%)       0/4(  0%)
04:      0/24(  0%)     0/4(  0%)      0/4(  0%)       0/4(  0%)
05:      0/24(  0%)     0/4(  0%)      0/4(  0%)       0/4(  0%)
06:      0/24(  0%)     0/4(  0%)      0/4(  0%)       0/4(  0%)
07:      0/24(  0%)     0/4(  0%)      0/4(  0%)       0/4(  0%)
08:      0/24(  0%)     0/4(  0%)      0/4(  0%)       0/4(  0%)
09:      0/24(  0%)     0/4(  0%)      0/4(  0%)       0/4(  0%)
10:      0/24(  0%)     0/4(  0%)      0/4(  0%)       0/4(  0%)
11:      0/24(  0%)     0/4(  0%)      0/4(  0%)       0/4(  0%)
12:      0/24(  0%)     0/4(  0%)      0/4(  0%)       0/4(  0%)
13:      0/24(  0%)     0/4(  0%)      0/4(  0%)       0/4(  0%)
14:      0/24(  0%)     0/4(  0%)      0/4(  0%)       0/4(  0%)
15:      0/24(  0%)     0/4(  0%)      0/4(  0%)       0/4(  0%)
16:      0/24(  0%)     0/4(  0%)      0/4(  0%)       0/4(  0%)
17:      0/24(  0%)     0/4(  0%)      0/4(  0%)       0/4(  0%)
18:      0/24(  0%)     0/4(  0%)      0/4(  0%)       0/4(  0%)
19:      0/24(  0%)     0/4(  0%)      0/4(  0%)       0/4(  0%)
20:      0/24(  0%)     0/4(  0%)      0/4(  0%)       0/4(  0%)
21:      0/24(  0%)     0/4(  0%)      0/4(  0%)       0/4(  0%)
22:      0/24(  0%)     0/4(  0%)      0/4(  0%)       0/4(  0%)
23:      0/24(  0%)     0/4(  0%)      0/4(  0%)       0/4(  0%)
24:      0/24(  0%)     0/4(  0%)      0/4(  0%)       0/4(  0%)
EA:      0/24(  0%)     0/4(  0%)      0/4(  0%)       0/4(  0%)


Device-Specific Information:   i:\project yud daled\programs\dc_pwm\dc_pwm.rpt
dc_pwm

** CLOCK SIGNALS **

Type     Fan-out       Name
INPUT       16         clk


Device-Specific Information:   i:\project yud daled\programs\dc_pwm\dc_pwm.rpt
dc_pwm

** EQUATIONS **

clk      : INPUT;
speed    : INPUT;

-- Node name is ':19' = 'cnt0' 
-- Equation name is 'cnt0', location is LC4_B18, type is buried.
cnt0     = DFFE( _EQ001, GLOBAL( clk),  VCC,  VCC,  VCC);
  _EQ001 = !cnt0 &  _LC6_B21;

-- Node name is ':18' = 'cnt1' 
-- Equation name is 'cnt1', location is LC5_B18, type is buried.
cnt1     = DFFE( _EQ002, GLOBAL( clk),  VCC,  VCC,  VCC);
  _EQ002 = !cnt0 &  cnt1 &  _LC6_B21
         #  cnt0 & !cnt1 &  _LC6_B21;

-- Node name is ':17' = 'cnt2' 
-- Equation name is 'cnt2', location is LC6_B18, type is buried.
cnt2     = DFFE( _EQ003, GLOBAL( clk),  VCC,  VCC,  VCC);
  _EQ003 = !cnt1 &  cnt2 &  _LC6_B21
         # !cnt0 &  cnt2 &  _LC6_B21
         #  cnt0 &  cnt1 & !cnt2 &  _LC6_B21;

-- Node name is ':16' = 'cnt3' 
-- Equation name is 'cnt3', location is LC3_B22, type is buried.
cnt3     = DFFE( _EQ004, GLOBAL( clk),  VCC,  VCC,  VCC);
  _EQ004 =  cnt3 &  _LC6_B21 & !_LC8_B18
         # !cnt3 &  _LC6_B21 &  _LC8_B18;

-- Node name is ':15' = 'cnt4' 
-- Equation name is 'cnt4', location is LC2_B22, type is buried.
cnt4     = DFFE( _EQ005, GLOBAL( clk),  VCC,  VCC,  VCC);
  _EQ005 = !cnt3 &  cnt4 &  _LC6_B21
         #  cnt4 &  _LC6_B21 & !_LC8_B18
         #  cnt3 & !cnt4 &  _LC6_B21 &  _LC8_B18;

-- Node name is ':14' = 'cnt5' 
-- Equation name is 'cnt5', location is LC7_B22, type is buried.
cnt5     = DFFE( _EQ006, GLOBAL( clk),  VCC,  VCC,  VCC);
  _EQ006 =  cnt5 & !_LC1_B22 &  _LC6_B21
         # !cnt4 &  cnt5 &  _LC6_B21
         #  cnt4 & !cnt5 &  _LC1_B22 &  _LC6_B21;

-- Node name is ':13' = 'cnt6' 
-- Equation name is 'cnt6', location is LC2_B13, type is buried.
cnt6     = DFFE( _EQ007, GLOBAL( clk),  VCC,  VCC,  VCC);
  _EQ007 =  cnt6 &  _LC6_B21 & !_LC8_B22
         # !cnt6 &  _LC6_B21 &  _LC8_B22;

-- Node name is ':12' = 'cnt7' 
-- Equation name is 'cnt7', location is LC4_B13, type is buried.
cnt7     = DFFE( _EQ008, GLOBAL( clk),  VCC,  VCC,  VCC);
  _EQ008 = !cnt6 &  cnt7 &  _LC6_B21
         #  cnt7 &  _LC6_B21 & !_LC8_B22
         #  cnt6 & !cnt7 &  _LC6_B21 &  _LC8_B22;

-- Node name is ':11' = 'cnt8' 
-- Equation name is 'cnt8', location is LC8_B13, type is buried.
cnt8     = DFFE( _EQ009, GLOBAL( clk),  VCC,  VCC,  VCC);
  _EQ009 = !cnt7 &  cnt8 &  _LC6_B21
         #  cnt8 & !_LC5_B13 &  _LC6_B21
         #  cnt7 & !cnt8 &  _LC5_B13 &  _LC6_B21;

-- Node name is ':10' = 'cnt9' 
-- Equation name is 'cnt9', location is LC3_B13, type is buried.
cnt9     = DFFE( _EQ010, GLOBAL( clk),  VCC,  VCC,  VCC);
  _EQ010 =  cnt9 & !_LC6_B13 &  _LC6_B21
         # !cnt9 &  _LC6_B13 &  _LC6_B21;

-- Node name is ':9' = 'cnt10' 
-- Equation name is 'cnt10', location is LC7_B21, type is buried.
cnt10    = DFFE( _EQ011, GLOBAL( clk),  VCC,  VCC,  VCC);
  _EQ011 =  cnt10 & !_LC1_B13 &  _LC6_B21
         # !cnt10 &  _LC1_B13 &  _LC6_B21;

-- Node name is ':8' = 'cnt11' 
-- Equation name is 'cnt11', location is LC2_B21, type is buried.
cnt11    = DFFE( _EQ012, GLOBAL( clk),  VCC,  VCC,  VCC);
  _EQ012 = !cnt10 &  cnt11 &  _LC6_B21
         #  cnt11 & !_LC1_B13 &  _LC6_B21
         #  cnt10 & !cnt11 &  _LC1_B13 &  _LC6_B21;

-- Node name is ':7' = 'cnt12' 
-- Equation name is 'cnt12', location is LC5_B21, type is buried.
cnt12    = DFFE( _EQ013, GLOBAL( clk),  VCC,  VCC,  VCC);
  _EQ013 =  cnt12 & !_LC4_B21 &  _LC6_B21
         # !cnt11 &  cnt12 &  _LC6_B21
         #  cnt11 & !cnt12 &  _LC4_B21 &  _LC6_B21;

-- Node name is ':6' = 'cnt13' 
-- Equation name is 'cnt13', location is LC2_B18, type is buried.
cnt13    = DFFE( _EQ014, GLOBAL( clk),  VCC,  VCC,  VCC);
  _EQ014 =  cnt13 &  _LC6_B21 & !_LC8_B21
         # !cnt13 &  _LC6_B21 &  _LC8_B21;

-- Node name is ':5' = 'cnt14' 
-- Equation name is 'cnt14', location is LC1_B21, type is buried.
cnt14    = DFFE( _EQ015, GLOBAL( clk),  VCC,  VCC,  VCC);
  _EQ015 = !cnt13 &  cnt14 &  _LC6_B21
         #  cnt14 &  _LC6_B21 & !_LC8_B21
         #  cnt13 & !cnt14 &  _LC6_B21 &  _LC8_B21;

-- Node name is 'out_pwm' 
-- Equation name is 'out_pwm', type is output 
out_pwm  =  _LC1_B16;

-- Node name is '|LPM_ADD_SUB:262|addcore:adder|:107' from file "addcore.tdf" line 312, column 64
-- Equation name is '_LC8_B18', type is buried 
_LC8_B18 = LCELL( _EQ016);
  _EQ016 =  cnt0 &  cnt1 &  cnt2;

-- Node name is '|LPM_ADD_SUB:262|addcore:adder|:111' from file "addcore.tdf" line 312, column 64
-- Equation name is '_LC1_B22', type is buried 
_LC1_B22 = LCELL( _EQ017);
  _EQ017 =  cnt3 &  _LC8_B18;

-- Node name is '|LPM_ADD_SUB:262|addcore:adder|:119' from file "addcore.tdf" line 312, column 64
-- Equation name is '_LC8_B22', type is buried 
_LC8_B22 = LCELL( _EQ018);
  _EQ018 =  cnt3 &  cnt4 &  cnt5 &  _LC8_B18;

-- Node name is '|LPM_ADD_SUB:262|addcore:adder|:123' from file "addcore.tdf" line 312, column 64
-- Equation name is '_LC5_B13', type is buried 
_LC5_B13 = LCELL( _EQ019);
  _EQ019 =  cnt6 &  _LC8_B22;

-- Node name is '|LPM_ADD_SUB:262|addcore:adder|:131' from file "addcore.tdf" line 312, column 64
-- Equation name is '_LC6_B13', type is buried 
_LC6_B13 = LCELL( _EQ020);
  _EQ020 =  cnt6 &  cnt7 &  cnt8 &  _LC8_B22;

-- Node name is '|LPM_ADD_SUB:262|addcore:adder|:135' from file "addcore.tdf" line 312, column 64
-- Equation name is '_LC1_B13', type is buried 
_LC1_B13 = LCELL( _EQ021);
  _EQ021 =  cnt9 &  _LC6_B13;

-- Node name is '|LPM_ADD_SUB:262|addcore:adder|:139' from file "addcore.tdf" line 312, column 64
-- Equation name is '_LC4_B21', type is buried 
_LC4_B21 = LCELL( _EQ022);
  _EQ022 =  cnt10 &  _LC1_B13;

-- Node name is '|LPM_ADD_SUB:262|addcore:adder|:147' from file "addcore.tdf" line 312, column 64
-- Equation name is '_LC8_B21', type is buried 
_LC8_B21 = LCELL( _EQ023);
  _EQ023 =  cnt10 &  cnt11 &  cnt12 &  _LC1_B13;

-- Node name is ':3' 
-- Equation name is '_LC1_B16', type is buried 
_LC1_B16 = DFFE( _EQ024, GLOBAL( clk),  VCC,  VCC,  VCC);
  _EQ024 = !cnt13 &  _LC8_B16
         # !cnt14;

-- Node name is ':129' 
-- Equation name is '_LC6_B21', type is buried 
_LC6_B21 = LCELL( _EQ025);
  _EQ025 = !cnt14
         # !cnt13
         #  _LC3_B21 &  _LC4_B16;

-- Node name is '~136~1' 
-- Equation name is '~136~1', location is LC3_B21, type is buried.
-- synthesized logic cell 
_LC3_B21 = LCELL( _EQ026);
  _EQ026 = !cnt10 & !cnt11 & !cnt12;

-- Node name is ':154' 
-- Equation name is '_LC4_B16', type is buried 
_LC4_B16 = LCELL( _EQ027);
  _EQ027 = !cnt9
         # !cnt7 & !cnt8 &  _LC2_B16;

-- Node name is ':169' 
-- Equation name is '_LC2_B16', type is buried 
_LC2_B16 = LCELL( _EQ028);
  _EQ028 = !cnt6
         # !cnt4 & !cnt5
         # !cnt5 &  _LC3_B18;

-- Node name is ':181' 
-- Equation name is '_LC3_B18', type is buried 
_LC3_B18 = LCELL( _EQ029);
  _EQ029 = !cnt2 & !cnt3
         # !cnt1 & !cnt3;

-- Node name is ':474' 
-- Equation name is '_LC8_B16', type is buried 
_LC8_B16 = LCELL( _EQ030);
  _EQ030 =  _LC7_B16 &  speed
         # !cnt11 &  speed
         # !cnt12 &  _LC7_B16
         # !cnt11 & !cnt12
         # !cnt12 &  speed;

-- Node name is '~479~1' 
-- Equation name is '~479~1', location is LC7_B16, type is buried.
-- synthesized logic cell 
_LC7_B16 = LCELL( _EQ031);
  _EQ031 = !cnt9 &  _LC6_B16 &  speed
         # !cnt9 & !cnt10 &  _LC6_B16
         # !cnt10 &  speed;

-- Node name is ':494' 
-- Equation name is '_LC6_B16', type is buried 
_LC6_B16 = LCELL( _EQ032);
  _EQ032 =  _LC5_B16 & !speed
         # !cnt7 &  _LC5_B16
         # !cnt7 & !speed
         # !cnt8;

-- Node name is '~504~1' 
-- Equation name is '~504~1', location is LC3_B16, type is buried.
-- synthesized logic cell 
_LC3_B16 = LCELL( _EQ033);
  _EQ033 = !cnt4 &  _LC1_B18 &  speed
         # !cnt4 & !cnt5 &  _LC1_B18
         # !cnt5 &  speed;

-- Node name is ':504' 
-- Equation name is '_LC5_B16', type is buried 
_LC5_B16 = LCELL( _EQ034);
  _EQ034 =  _LC3_B16
         # !cnt6;

-- Node name is ':519' 
-- Equation name is '_LC1_B18', type is buried 
_LC1_B18 = LCELL( _EQ035);
  _EQ035 = !cnt2 &  speed
         # !cnt2 & !cnt3 &  _LC7_B18
         # !cnt3 &  speed;

-- Node name is '~524~1' 
-- Equation name is '~524~1', location is LC7_B18, type is buried.
-- synthesized logic cell 
_LC7_B18 = LCELL( _EQ036);
  _EQ036 = !cnt0 & !cnt1;



Project Information            i:\project yud daled\programs\dc_pwm\dc_pwm.rpt

** COMPILATION SETTINGS & TIMES **

Processing Menu Commands
------------------------

Design Doctor                             = off

Logic Synthesis:

   Synthesis Type Used                    = Multi-Level

   Default Synthesis Style                = NORMAL

      Logic option settings in 'NORMAL' style for 'FLEX10K' family

      CARRY_CHAIN                         = ignore
      CARRY_CHAIN_LENGTH                  = 32
      CASCADE_CHAIN                       = ignore
      CASCADE_CHAIN_LENGTH                = 2
      DECOMPOSE_GATES                     = on
      DUPLICATE_LOGIC_EXTRACTION          = on
      MINIMIZATION                        = full
      MULTI_LEVEL_FACTORING               = on
      NOT_GATE_PUSH_BACK                  = on
      REDUCE_LOGIC                        = on
      REFACTORIZATION                     = on
      REGISTER_OPTIMIZATION               = on
      RESYNTHESIZE_NETWORK                = on
      SLOW_SLEW_RATE                      = off
      SUBFACTOR_EXTRACTION                = on
      IGNORE_SOFT_BUFFERS                 = on
      USE_LPM_FOR_AHDL_OPERATORS          = off

   Other logic synthesis settings:

      Automatic Global Clock              = on
      Automatic Global Clear              = on
      Automatic Global Preset             = on
      Automatic Global Output Enable      = on
      Automatic Fast I/O                  = off
      Automatic Register Packing          = off
      Automatic Open-Drain Pins           = on
      Automatic Implement in EAB          = off
      Optimize                            = 5

Default Timing Specifications: None

Cut All Bidir Feedback Timing Paths       = on
Cut All Clear & Preset Timing Paths       = on

Ignore Timing Assignments                 = off

Functional SNF Extractor                  = off

Linked SNF Extractor                      = off
Timing SNF Extractor                      = on
Optimize Timing SNF                       = off
Generate AHDL TDO File                    = off
Fitter Settings                           = NORMAL
Use Quartus Fitter                        = on
Smart Recompile                           = off
Total Recompile                           = off

Interfaces Menu Commands
------------------------

EDIF Netlist Writer                       = off
Verilog Netlist Writer                    = off
VHDL Netlist Writer                       = off

Compilation Times
-----------------

   Compiler Netlist Extractor             00:00:00
   Database Builder                       00:00:00
   Logic Synthesizer                      00:00:00
   Partitioner                            00:00:00
   Fitter                                 00:00:02
   Timing SNF Extractor                   00:00:00
   Assembler                              00:00:01
   --------------------------             --------
   Total Time                             00:00:03


Memory Allocated
-----------------

Peak memory allocated during compilation  = 10,329K
